// Jest Snapshot v1, https://goo.gl/fbAQLP

exports[`Se renderiza correctamente el formulario donde se pedir√° la cola 1`] = `
<View
  style={
    Object {
      "alignItems": "center",
      "backgroundColor": "rgb(20,20,20)",
      "flex": 1,
      "justifyContent": "center",
    }
  }
>
  <TextInput
    allowFontScaling={true}
    editable={true}
    onChangeText={[Function]}
    placeholder="Origen"
    placeholderTextColor="rgba(20,20,20,0.3)"
    rejectResponderTermination={true}
    style={
      Object {
        "alignSelf": "center",
        "backgroundColor": "#fff",
        "marginBottom": 20,
        "marginTop": 10,
        "paddingHorizontal": 16,
        "width": 300,
      }
    }
    underlineColorAndroid="transparent"
    value=""
  />
  <TextInput
    allowFontScaling={true}
    editable={true}
    onChangeText={[Function]}
    placeholder="Destino"
    placeholderTextColor="rgba(20,20,20,0.3)"
    rejectResponderTermination={true}
    style={
      Object {
        "alignSelf": "center",
        "backgroundColor": "#fff",
        "marginBottom": 20,
        "marginTop": 10,
        "paddingHorizontal": 16,
        "width": 300,
      }
    }
    underlineColorAndroid="transparent"
    value=""
  />
  <TextInput
    allowFontScaling={true}
    editable={true}
    keyboardType="numeric"
    onChangeText={[Function]}
    placeholder="Tarifa"
    placeholderTextColor="rgba(20,20,20,0.3)"
    rejectResponderTermination={true}
    style={
      Object {
        "alignSelf": "center",
        "backgroundColor": "#fff",
        "marginBottom": 20,
        "marginTop": 10,
        "paddingHorizontal": 16,
        "width": 300,
      }
    }
    underlineColorAndroid="transparent"
    value=""
  />
  <TextInput
    allowFontScaling={true}
    editable={true}
    onChangeText={[Function]}
    placeholder="Banco"
    placeholderTextColor="rgba(20,20,20,0.3)"
    rejectResponderTermination={true}
    style={
      Object {
        "alignSelf": "center",
        "backgroundColor": "#fff",
        "marginBottom": 20,
        "marginTop": 10,
        "paddingHorizontal": 16,
        "width": 300,
      }
    }
    underlineColorAndroid="transparent"
    value=""
  />
  <View
    accessible={true}
    isTVSelectable={true}
    onResponderGrant={[Function]}
    onResponderMove={[Function]}
    onResponderRelease={[Function]}
    onResponderTerminate={[Function]}
    onResponderTerminationRequest={[Function]}
    onStartShouldSetResponder={[Function]}
    style={
      Array [
        Object {
          "width": 142,
        },
        undefined,
      ]
    }
  >
    <View
      style={
        Array [
          Object {
            "alignItems": "center",
            "flexDirection": "row",
            "height": 40,
            "justifyContent": "center",
          },
          undefined,
        ]
      }
    >
      <View
        style={
          Array [
            Object {
              "alignItems": "center",
              "borderColor": "#aaa",
              "borderWidth": 1,
              "flex": 1,
              "height": 40,
              "justifyContent": "center",
            },
            Object {
              "marginLeft": 36,
            },
            false,
            false,
          ]
        }
      >
        <Text
          allowFontScaling={true}
          style={
            Array [
              Object {
                "color": "#333",
              },
              undefined,
            ]
          }
        >
          2019-05-31 10:33:49
        </Text>
      </View>
      <Image
        source={
          Object {
            "testUri": "../../react-native-datepicker/date_icon.png",
          }
        }
        style={
          Array [
            Object {
              "height": 32,
              "marginLeft": 5,
              "marginRight": 5,
              "width": 32,
            },
            Object {
              "left": 0,
              "marginLeft": 0,
              "position": "absolute",
              "top": 4,
            },
          ]
        }
      />
      <Modal
        animationType="none"
        hardwareAccelerated={false}
        onRequestClose={[Function]}
        supportedOrientations={
          Array [
            "portrait",
            "portrait-upside-down",
            "landscape",
            "landscape-left",
            "landscape-right",
          ]
        }
        transparent={true}
        visible={false}
      >
        <View
          style={
            Object {
              "flex": 1,
            }
          }
        >
          <View
            accessible={true}
            isTVSelectable={true}
            onResponderGrant={[Function]}
            onResponderMove={[Function]}
            onResponderRelease={[Function]}
            onResponderTerminate={[Function]}
            onResponderTerminationRequest={[Function]}
            onStartShouldSetResponder={[Function]}
            style={
              Object {
                "alignItems": "flex-end",
                "backgroundColor": "#00000077",
                "flex": 1,
                "flexDirection": "row",
              }
            }
          >
            <View
              accessible={true}
              isTVSelectable={true}
              onResponderGrant={[Function]}
              onResponderMove={[Function]}
              onResponderRelease={[Function]}
              onResponderTerminate={[Function]}
              onResponderTerminationRequest={[Function]}
              onStartShouldSetResponder={[Function]}
              style={
                Object {
                  "flex": 1,
                }
              }
            >
              <View
                style={
                  Object {
                    "backgroundColor": "#fff",
                    "height": 0,
                    "overflow": "hidden",
                  }
                }
              >
                <View
                  pointerEvents="auto"
                >
                  <View
                    style={
                      Array [
                        Object {
                          "borderTopColor": "#ccc",
                          "borderTopWidth": 1,
                          "marginTop": 42,
                        },
                        undefined,
                      ]
                    }
                  >
                    <RCTDatePicker
                      date={1559356429970}
                      minimumDate={1559356429970}
                      mode="datetime"
                      onChange={[Function]}
                      onResponderTerminationRequest={[Function]}
                      onStartShouldSetResponder={[Function]}
                      style={
                        Object {
                          "height": 216,
                        }
                      }
                      timeZoneOffsetInMinutes={null}
                    />
                  </View>
                </View>
                <View
                  accessible={true}
                  isTVSelectable={true}
                  onResponderGrant={[Function]}
                  onResponderMove={[Function]}
                  onResponderRelease={[Function]}
                  onResponderTerminate={[Function]}
                  onResponderTerminationRequest={[Function]}
                  onStartShouldSetResponder={[Function]}
                  style={
                    Array [
                      Object {
                        "alignItems": "center",
                        "flexDirection": "row",
                        "height": 42,
                        "justifyContent": "center",
                        "paddingHorizontal": 20,
                        "position": "absolute",
                        "top": 0,
                      },
                      Object {
                        "left": 0,
                      },
                      undefined,
                    ]
                  }
                >
                  <Text
                    allowFontScaling={true}
                    style={
                      Array [
                        Object {
                          "color": "#46cf98",
                          "fontSize": 16,
                        },
                        Object {
                          "color": "#666",
                        },
                        undefined,
                      ]
                    }
                  >
                    Cancel
                  </Text>
                </View>
                <View
                  accessible={true}
                  isTVSelectable={true}
                  onResponderGrant={[Function]}
                  onResponderMove={[Function]}
                  onResponderRelease={[Function]}
                  onResponderTerminate={[Function]}
                  onResponderTerminationRequest={[Function]}
                  onStartShouldSetResponder={[Function]}
                  style={
                    Array [
                      Object {
                        "alignItems": "center",
                        "flexDirection": "row",
                        "height": 42,
                        "justifyContent": "center",
                        "paddingHorizontal": 20,
                        "position": "absolute",
                        "top": 0,
                      },
                      Object {
                        "right": 0,
                      },
                      undefined,
                    ]
                  }
                >
                  <Text
                    allowFontScaling={true}
                    style={
                      Array [
                        Object {
                          "color": "#46cf98",
                          "fontSize": 16,
                        },
                        undefined,
                      ]
                    }
                  >
                    Confirm
                  </Text>
                </View>
              </View>
            </View>
          </View>
        </View>
      </Modal>
    </View>
  </View>
  <TextInput
    allowFontScaling={true}
    editable={true}
    keyboardType="numeric"
    onChangeText={[Function]}
    placeholder="Cantidad de Pasajeros"
    placeholderTextColor="rgba(20,20,20,0.3)"
    rejectResponderTermination={true}
    style={
      Object {
        "alignSelf": "center",
        "backgroundColor": "#fff",
        "marginBottom": 20,
        "marginTop": 10,
        "paddingHorizontal": 16,
        "width": 300,
      }
    }
    underlineColorAndroid="transparent"
    value=""
  />
  <View
    style={
      Object {
        "alignSelf": "center",
        "backgroundColor": "#fff",
        "borderWidth": 1,
        "marginBottom": 20,
        "marginTop": 10,
        "overflow": "hidden",
        "paddingHorizontal": 16,
        "width": 300,
      }
    }
  >
    <RCTPicker
      items={
        Array [
          Object {
            "label": "Moto",
            "textColor": undefined,
            "value": "moto",
          },
          Object {
            "label": "Carro",
            "textColor": undefined,
            "value": "carro",
          },
        ]
      }
      onChange={[Function]}
      onResponderTerminationRequest={[Function]}
      onStartShouldSetResponder={[Function]}
      selectedIndex={0}
      style={
        Array [
          Object {
            "height": 216,
          },
          undefined,
        ]
      }
    />
  </View>
  <View
    accessible={true}
    isTVSelectable={true}
    onResponderGrant={[Function]}
    onResponderMove={[Function]}
    onResponderRelease={[Function]}
    onResponderTerminate={[Function]}
    onResponderTerminationRequest={[Function]}
    onStartShouldSetResponder={[Function]}
    style={
      Object {
        "alignItems": "center",
        "alignSelf": "center",
        "backgroundColor": "#E6880F",
        "borderRadius": 25,
        "color": "white",
        "marginBottom": 10,
        "marginTop": 10,
        "opacity": 1,
        "paddingBottom": 10,
        "paddingHorizontal": 16,
        "paddingTop": 10,
        "width": 300,
      }
    }
  >
    <Text
      style={
        Object {
          "color": "white",
          "fontSize": 20,
        }
      }
    >
      Solicitar
    </Text>
  </View>
</View>
`;
